// Jest Snapshot v1, https://goo.gl/fbAQLP

exports[`MyPrioritiesList component matches snapshot 1`] = `undefined`;

exports[`MyPrioritiesList component matches snapshot with props 1`] = `undefined`;
