// Jest Snapshot v1, https://goo.gl/fbAQLP

exports[`NavBar component matches snapshot 1`] = `undefined`;
