// Jest Snapshot v1, https://goo.gl/fbAQLP

exports[`PrioritiesList component matches snapshot 1`] = `undefined`;

exports[`PrioritiesList component matches snapshot with props 1`] = `undefined`;
